(
    map_name: "Map 4",
    map_size: (50, 50),
    max_players: 2,
    building_infos: {(10): (
        building_type: House,
        grid_transform: (
            size: (3, 3),
            bottom_left_coord: ((8, 21)),
        ),
    ), (3): (
        building_type: House,
        grid_transform: (
            size: (3, 3),
            bottom_left_coord: ((44, 19)),
        ),
    ), (0): (
        building_type: MainBuilding(
            index: 1,
        ),
        grid_transform: (
            size: (4, 4),
            bottom_left_coord: ((3, 24)),
        ),
    ), (7): (
        building_type: House,
        grid_transform: (
            size: (3, 3),
            bottom_left_coord: ((35, 32)),
        ),
    ), (6): (
        building_type: Tower,
        grid_transform: (
            size: (2, 2),
            bottom_left_coord: ((27, 25)),
        ),
    ), (1): (
        building_type: MainBuilding(
            index: 2,
        ),
        grid_transform: (
            size: (4, 4),
            bottom_left_coord: ((43, 24)),
        ),
    ), (9): (
        building_type: House,
        grid_transform: (
            size: (3, 3),
            bottom_left_coord: ((8, 28)),
        ),
    ), (4): (
        building_type: Tower,
        grid_transform: (
            size: (2, 2),
            bottom_left_coord: ((38, 25)),
        ),
    ), (8): (
        building_type: House,
        grid_transform: (
            size: (3, 3),
            bottom_left_coord: ((35, 17)),
        ),
    ), (11): (
        building_type: House,
        grid_transform: (
            size: (3, 3),
            bottom_left_coord: ((13, 28)),
        ),
    ), (12): (
        building_type: House,
        grid_transform: (
            size: (3, 3),
            bottom_left_coord: ((13, 21)),
        ),
    ), (5): (
        building_type: Tower,
        grid_transform: (
            size: (2, 2),
            bottom_left_coord: ((32, 25)),
        ),
    ), (2): (
        building_type: House,
        grid_transform: (
            size: (3, 3),
            bottom_left_coord: ((44, 30)),
        ),
    )},
)