(
    map_name: "map_1",
    map_size: (60, 30),
    max_players: 2,
    building_infos: {(10): (
        building_type: House,
        grid_transform: (
            size: (3, 3),
            bottom_left_coord: ((42, 15)),
        ),
    ), (3): (
        building_type: MainBuilding(
            index: 2,
        ),
        grid_transform: (
            size: (4, 4),
            bottom_left_coord: ((53, 14)),
        ),
    ), (0): (
        building_type: House,
        grid_transform: (
            size: (3, 3),
            bottom_left_coord: ((11, 18)),
        ),
    ), (7): (
        building_type: House,
        grid_transform: (
            size: (3, 3),
            bottom_left_coord: ((48, 15)),
        ),
    ), (1): (
        building_type: House,
        grid_transform: (
            size: (3, 3),
            bottom_left_coord: ((11, 11)),
        ),
    ), (6): (
        building_type: House,
        grid_transform: (
            size: (3, 3),
            bottom_left_coord: ((49, 21)),
        ),
    ), (9): (
        building_type: House,
        grid_transform: (
            size: (3, 3),
            bottom_left_coord: ((43, 21)),
        ),
    ), (4): (
        building_type: House,
        grid_transform: (
            size: (3, 3),
            bottom_left_coord: ((54, 21)),
        ),
    ), (8): (
        building_type: House,
        grid_transform: (
            size: (3, 3),
            bottom_left_coord: ((49, 8)),
        ),
    ), (11): (
        building_type: House,
        grid_transform: (
            size: (3, 3),
            bottom_left_coord: ((43, 8)),
        ),
    ), (5): (
        building_type: House,
        grid_transform: (
            size: (3, 3),
            bottom_left_coord: ((54, 8)),
        ),
    ), (2): (
        building_type: MainBuilding(
            index: 1,
        ),
        grid_transform: (
            size: (4, 4),
            bottom_left_coord: ((3, 14)),
        ),
    )},
)